---
source: types/src/reference_tests.rs
expression: reward_proof
---
balance: "0x7b"
proof:
  account: "0x0101010101010101010101010101010101010101"
  proof:
    Presence:
      pos: FIELD~AQEBAQEBAQEBAQEBAQEBAQEBAQFl
      proof:
        - Leaf:
            value: FIELD~7azxGZWESuiDXsjP0xQJc26AIpkjjbN8-1k8c8dqmmDE
            pos: FIELD~AQEBAQEBAQEBAQEBAQEBAQEBAQFl
            elem: FIELD~ewAAAAAAAAAAAAAAAAAAAAAAAAAAAAAAAAAAAAAAAADV
        - Branch:
            value: FIELD~AAAAAAAAAAAAAAAAAAAAAAAAAAAAAAAAAAAAAAAAAAA-
            children:
              - Empty
              - ForgettenSubtree:
                  value: FIELD~7azxGZWESuiDXsjP0xQJc26AIpkjjbN8-1k8c8dqmmDE
        - Branch:
            value: FIELD~AAAAAAAAAAAAAAAAAAAAAAAAAAAAAAAAAAAAAAAAAAA-
            children:
              - ForgettenSubtree:
                  value: FIELD~KyTMewerIQ8ukowQLByKOEn6cHe_3bkZm0_-v62428k_
              - Empty
        - Branch:
            value: FIELD~AAAAAAAAAAAAAAAAAAAAAAAAAAAAAAAAAAAAAAAAAAA-
            children:
              - ForgettenSubtree:
                  value: FIELD~quaryOD35lGyqi0B5oKYCrsoJQOTlSM8JyN-xs8Ko-Wo
              - Empty
        - Branch:
            value: FIELD~AAAAAAAAAAAAAAAAAAAAAAAAAAAAAAAAAAAAAAAAAAA-
            children:
              - ForgettenSubtree:
                  value: FIELD~1-O3ZBk-NS21OuBoPYQ8ykG3pTXLE67b751CNe-s8F_O
              - Empty
        - Branch:
            value: FIELD~AAAAAAAAAAAAAAAAAAAAAAAAAAAAAAAAAAAAAAAAAAA-
            children:
              - ForgettenSubtree:
                  value: FIELD~MInNQkKeEnL0rQ5JNCrH20jhL8lQNcGNubxzr7v5VTbd
              - Empty
        - Branch:
            value: FIELD~AAAAAAAAAAAAAAAAAAAAAAAAAAAAAAAAAAAAAAAAAAA-
            children:
              - ForgettenSubtree:
                  value: FIELD~kQgvlslPqvPyZfU3I3A0kbq9Eb6BRSnAhF2L0P89oeDj
              - Empty
        - Branch:
            value: FIELD~AAAAAAAAAAAAAAAAAAAAAAAAAAAAAAAAAAAAAAAAAAA-
            children:
              - ForgettenSubtree:
                  value: FIELD~wzqxVy8UFPDzmV7wcqdC_HkmrzJIV639EZHCuryEqryT
              - Empty
        - Branch:
            value: FIELD~AAAAAAAAAAAAAAAAAAAAAAAAAAAAAAAAAAAAAAAAAAA-
            children:
              - ForgettenSubtree:
                  value: FIELD~0VfCYoR2EQ_Y8GLvSVfLjkEokzoZm6pdL_CWmdvJV39f
              - Empty
        - Branch:
            value: FIELD~AAAAAAAAAAAAAAAAAAAAAAAAAAAAAAAAAAAAAAAAAAA-
            children:
              - Empty
              - ForgettenSubtree:
                  value: FIELD~J9e3cP0gRsFJD46z67jZWYqsk0ybZ241jHS4s7ktCRbA
        - Branch:
            value: FIELD~AAAAAAAAAAAAAAAAAAAAAAAAAAAAAAAAAAAAAAAAAAA-
            children:
              - ForgettenSubtree:
                  value: FIELD~wyTM4n4kjA1kbhNXxulzYVOywPhOLSLKixbEy2T_U5aA
              - Empty
        - Branch:
            value: FIELD~AAAAAAAAAAAAAAAAAAAAAAAAAAAAAAAAAAAAAAAAAAA-
            children:
              - ForgettenSubtree:
                  value: FIELD~gQWCi6Yglm4y-Svf97e3p7HVayHwZEauAEel_WWAmYhv
              - Empty
        - Branch:
            value: FIELD~AAAAAAAAAAAAAAAAAAAAAAAAAAAAAAAAAAAAAAAAAAA-
            children:
              - ForgettenSubtree:
                  value: FIELD~GGKSHNo4cZUNjDYccd3fZJBSRl9EyYqyKyDEeUxXabOx
              - Empty
        - Branch:
            value: FIELD~AAAAAAAAAAAAAAAAAAAAAAAAAAAAAAAAAAAAAAAAAAA-
            children:
              - ForgettenSubtree:
                  value: FIELD~0fkQOaLxPFH-3Bu303fod2ThqVQxKvMDwiwDpdt5u70B
              - Empty
        - Branch:
            value: FIELD~AAAAAAAAAAAAAAAAAAAAAAAAAAAAAAAAAAAAAAAAAAA-
            children:
              - ForgettenSubtree:
                  value: FIELD~JbDBJnhlFOJKeoGfqZ7s3Y2LofHGDS_o9ippf0PceJnQ
              - Empty
        - Branch:
            value: FIELD~AAAAAAAAAAAAAAAAAAAAAAAAAAAAAAAAAAAAAAAAAAA-
            children:
              - ForgettenSubtree:
                  value: FIELD~zqtqYgojQIrQIY91BlAjtX4q-fOML_voDu0IlhLHIZkg
              - Empty
        - Branch:
            value: FIELD~AAAAAAAAAAAAAAAAAAAAAAAAAAAAAAAAAAAAAAAAAAA-
            children:
              - ForgettenSubtree:
                  value: FIELD~kKCxE2LtvOin2Sdys7SMY5XLwNojvUxXYUwNmDBn4m8J
              - Empty
        - Branch:
            value: FIELD~AAAAAAAAAAAAAAAAAAAAAAAAAAAAAAAAAAAAAAAAAAA-
            children:
              - Empty
              - ForgettenSubtree:
                  value: FIELD~AONA8kA4q4mtP3UJsGNQRgeCzMagzIxKOMr-FHHHIMJs
        - Branch:
            value: FIELD~AAAAAAAAAAAAAAAAAAAAAAAAAAAAAAAAAAAAAAAAAAA-
            children:
              - ForgettenSubtree:
                  value: FIELD~8EkR53cG5FNXwtrVF0h6Z-z-byuQ4JPwQZP6ThzxboGQ
              - Empty
        - Branch:
            value: FIELD~AAAAAAAAAAAAAAAAAAAAAAAAAAAAAAAAAAAAAAAAAAA-
            children:
              - ForgettenSubtree:
                  value: FIELD~aQZazEfjP1n1FkFH44yV23i594zW7XpGi8UqWyDfXsaf
              - Empty
        - Branch:
            value: FIELD~AAAAAAAAAAAAAAAAAAAAAAAAAAAAAAAAAAAAAAAAAAA-
            children:
              - ForgettenSubtree:
                  value: FIELD~nR8D2RZFU_SwkHzqzrZiBOfBgxyWz56tBR6A00vZvl9N
              - Empty
        - Branch:
            value: FIELD~AAAAAAAAAAAAAAAAAAAAAAAAAAAAAAAAAAAAAAAAAAA-
            children:
              - ForgettenSubtree:
                  value: FIELD~-8vGoGrIS43qwJvsAOa6c1nib0T6-6ChFc0PovW8ABwL
              - Empty
        - Branch:
            value: FIELD~AAAAAAAAAAAAAAAAAAAAAAAAAAAAAAAAAAAAAAAAAAA-
            children:
              - ForgettenSubtree:
                  value: FIELD~UNkQy5c0b5w2nqRz4TCJJYQYhyD7lZCBee09Yds5PZzy
              - Empty
        - Branch:
            value: FIELD~AAAAAAAAAAAAAAAAAAAAAAAAAAAAAAAAAAAAAAAAAAA-
            children:
              - ForgettenSubtree:
                  value: FIELD~DN-Yua3V4n_WLuu-0WU2AN7gN29zSjHJWKSxSDkfO7FJ
              - Empty
        - Branch:
            value: FIELD~AAAAAAAAAAAAAAAAAAAAAAAAAAAAAAAAAAAAAAAAAAA-
            children:
              - ForgettenSubtree:
                  value: FIELD~QfYNeKZxMY57enuSLBpoQyUQh00L12I3-0iTo7e9ULf7
              - Empty
        - Branch:
            value: FIELD~AAAAAAAAAAAAAAAAAAAAAAAAAAAAAAAAAAAAAAAAAAA-
            children:
              - Empty
              - ForgettenSubtree:
                  value: FIELD~vq63yZ0pnulNDURNom_KPVTa5qPpkEAcJfh1xU6Gk-TL
        - Branch:
            value: FIELD~AAAAAAAAAAAAAAAAAAAAAAAAAAAAAAAAAAAAAAAAAAA-
            children:
              - ForgettenSubtree:
                  value: FIELD~RMC8eu7JAMykLuQU1_pJyBXUTBvPIYol1nNjsaMOz1iB
              - Empty
        - Branch:
            value: FIELD~AAAAAAAAAAAAAAAAAAAAAAAAAAAAAAAAAAAAAAAAAAA-
            children:
              - ForgettenSubtree:
                  value: FIELD~ooCkW8Oxbt-XVgT_OI33Mgex4zGUwPW0MkU-asJTjMb9
              - Empty
        - Branch:
            value: FIELD~AAAAAAAAAAAAAAAAAAAAAAAAAAAAAAAAAAAAAAAAAAA-
            children:
              - ForgettenSubtree:
                  value: FIELD~A857eNKolT_asiVTDkmv8F2WZr9AV2KiwjHLc0ZTZir4
              - Empty
        - Branch:
            value: FIELD~AAAAAAAAAAAAAAAAAAAAAAAAAAAAAAAAAAAAAAAAAAA-
            children:
              - ForgettenSubtree:
                  value: FIELD~QeBV_Zhnk_eRW4fnxa0h9yxNXT3Ij_fLGfgws7dR8HrU
              - Empty
        - Branch:
            value: FIELD~AAAAAAAAAAAAAAAAAAAAAAAAAAAAAAAAAAAAAAAAAAA-
            children:
              - ForgettenSubtree:
                  value: FIELD~SCziCmrhqatvg3yPCSiSjvEjVa5VNoWDvsaJ7HcuGFRS
              - Empty
        - Branch:
            value: FIELD~AAAAAAAAAAAAAAAAAAAAAAAAAAAAAAAAAAAAAAAAAAA-
            children:
              - ForgettenSubtree:
                  value: FIELD~-qsyLPJ3yXYwNrcGFJjTHL_fZrFlxcdMxzb6X8FpmTOu
              - Empty
        - Branch:
            value: FIELD~AAAAAAAAAAAAAAAAAAAAAAAAAAAAAAAAAAAAAAAAAAA-
            children:
              - ForgettenSubtree:
                  value: FIELD~Kwz6PdzGVowmXiEIVmNMgxTh7FQtsBYhgkskjDc6kZ3B
              - Empty
        - Branch:
            value: FIELD~AAAAAAAAAAAAAAAAAAAAAAAAAAAAAAAAAAAAAAAAAAA-
            children:
              - Empty
              - ForgettenSubtree:
                  value: FIELD~NtJkPPX3vygbkLwqr8gGHccENveRnB7SenLHu8mJ6gFQ
        - Branch:
            value: FIELD~AAAAAAAAAAAAAAAAAAAAAAAAAAAAAAAAAAAAAAAAAAA-
            children:
              - ForgettenSubtree:
                  value: FIELD~PXMQ054Ed50EJgrYLPmrr54YKvSoRc4fE5mvOdKJtqfm
              - Empty
        - Branch:
            value: FIELD~AAAAAAAAAAAAAAAAAAAAAAAAAAAAAAAAAAAAAAAAAAA-
            children:
              - ForgettenSubtree:
                  value: FIELD~uVL-7MTg21ItNY2kO_KPIh_-rxeDC-4e36MD_iMp5XRS
              - Empty
        - Branch:
            value: FIELD~AAAAAAAAAAAAAAAAAAAAAAAAAAAAAAAAAAAAAAAAAAA-
            children:
              - ForgettenSubtree:
                  value: FIELD~7tg-s6RxIEzyLsqPA1Lp4py8QFbEDCC4YwUN0BzUoWR8
              - Empty
        - Branch:
            value: FIELD~AAAAAAAAAAAAAAAAAAAAAAAAAAAAAAAAAAAAAAAAAAA-
            children:
              - ForgettenSubtree:
                  value: FIELD~YMt0cmiZMz7Cck4Vm2vmIgTBfbVy1n5g66zvf_DKm35B
              - Empty
        - Branch:
            value: FIELD~AAAAAAAAAAAAAAAAAAAAAAAAAAAAAAAAAAAAAAAAAAA-
            children:
              - ForgettenSubtree:
                  value: FIELD~XhECbl1gZdWZ5Lw8QPT4ls_gL93KrCdbB8FcGhbRhyho
              - Empty
        - Branch:
            value: FIELD~AAAAAAAAAAAAAAAAAAAAAAAAAAAAAAAAAAAAAAAAAAA-
            children:
              - ForgettenSubtree:
                  value: FIELD~MQjqoz4r3zRvm9NOfy07GmGviePcfrgsjy71ljyy_suC
              - Empty
        - Branch:
            value: FIELD~AAAAAAAAAAAAAAAAAAAAAAAAAAAAAAAAAAAAAAAAAAA-
            children:
              - ForgettenSubtree:
                  value: FIELD~ygHo6IS2C_TTF8nRsfffObruAkVnM1xUS2ItgOko1HG9
              - Empty
        - Branch:
            value: FIELD~AAAAAAAAAAAAAAAAAAAAAAAAAAAAAAAAAAAAAAAAAAA-
            children:
              - Empty
              - ForgettenSubtree:
                  value: FIELD~7cyC6GyMon9xDFCufYi173lfKDtbwRV_i8ZEZ36rLeoP
        - Branch:
            value: FIELD~AAAAAAAAAAAAAAAAAAAAAAAAAAAAAAAAAAAAAAAAAAA-
            children:
              - ForgettenSubtree:
                  value: FIELD~GTMg_qRn_cM2vqACTOQOI_8tpAA_SPK2QMYso487I8F7
              - Empty
        - Branch:
            value: FIELD~AAAAAAAAAAAAAAAAAAAAAAAAAAAAAAAAAAAAAAAAAAA-
            children:
              - ForgettenSubtree:
                  value: FIELD~pT3SfucJE4IG1b8CzNAkcDrROe4TtPoyZS9t4IPKitn1
              - Empty
        - Branch:
            value: FIELD~AAAAAAAAAAAAAAAAAAAAAAAAAAAAAAAAAAAAAAAAAAA-
            children:
              - ForgettenSubtree:
                  value: FIELD~uThRPaQYyAvqRy-Ed5VkT82CQL5DltTX5-v0eAuCItJF
              - Empty
        - Branch:
            value: FIELD~AAAAAAAAAAAAAAAAAAAAAAAAAAAAAAAAAAAAAAAAAAA-
            children:
              - ForgettenSubtree:
                  value: FIELD~YFg4WDOwabCXLyxCrIZ2ycTw_KA0z5ehqiDTcZW4_d-Y
              - Empty
        - Branch:
            value: FIELD~AAAAAAAAAAAAAAAAAAAAAAAAAAAAAAAAAAAAAAAAAAA-
            children:
              - ForgettenSubtree:
                  value: FIELD~UkrDKU6nWymnxNWy1NJA88EruQffHV1oXt_NGn2wljOy
              - Empty
        - Branch:
            value: FIELD~AAAAAAAAAAAAAAAAAAAAAAAAAAAAAAAAAAAAAAAAAAA-
            children:
              - ForgettenSubtree:
                  value: FIELD~0LK-vxRmykczd0NVSzfSRXXDI80Q7H3ksoHY9aaorPAb
              - Empty
        - Branch:
            value: FIELD~AAAAAAAAAAAAAAAAAAAAAAAAAAAAAAAAAAAAAAAAAAA-
            children:
              - ForgettenSubtree:
                  value: FIELD~RksGiDit6-jbg1LU-ztsnNu5NPxFfpDOO4cBxk1u8LzD
              - Empty
        - Branch:
            value: FIELD~AAAAAAAAAAAAAAAAAAAAAAAAAAAAAAAAAAAAAAAAAAA-
            children:
              - Empty
              - ForgettenSubtree:
                  value: FIELD~05QjCKX4aNCjZMk46fpIyONfrZVncN944JXXZgcfyisw
        - Branch:
            value: FIELD~AAAAAAAAAAAAAAAAAAAAAAAAAAAAAAAAAAAAAAAAAAA-
            children:
              - ForgettenSubtree:
                  value: FIELD~DiIXU5cuOyg-JrfmxWKS7T_vITw2TXu1d_-aqsyTsN76
              - Empty
        - Branch:
            value: FIELD~AAAAAAAAAAAAAAAAAAAAAAAAAAAAAAAAAAAAAAAAAAA-
            children:
              - ForgettenSubtree:
                  value: FIELD~vKoZvENez2QVgSEnCVchxtWRvi_CwEO5JPkcw8n--3rm
              - Empty
        - Branch:
            value: FIELD~AAAAAAAAAAAAAAAAAAAAAAAAAAAAAAAAAAAAAAAAAAA-
            children:
              - ForgettenSubtree:
                  value: FIELD~QreZmUYGFWffm038UXKfq64lSG1rNzzKmerSfSzU9pXL
              - Empty
        - Branch:
            value: FIELD~AAAAAAAAAAAAAAAAAAAAAAAAAAAAAAAAAAAAAAAAAAA-
            children:
              - ForgettenSubtree:
                  value: FIELD~202mVeoTm8g8oYq25GSBWt7hNRIp-kE3JrUqZCPkxgpE
              - Empty
        - Branch:
            value: FIELD~AAAAAAAAAAAAAAAAAAAAAAAAAAAAAAAAAAAAAAAAAAA-
            children:
              - ForgettenSubtree:
                  value: FIELD~VjKo8ZLinEE493qtIj_zNdNUVlaL5_yBn9pToptHSvpn
              - Empty
        - Branch:
            value: FIELD~AAAAAAAAAAAAAAAAAAAAAAAAAAAAAAAAAAAAAAAAAAA-
            children:
              - ForgettenSubtree:
                  value: FIELD~3b0nt_QC_XwMXgbOidjshy1XkseSu3rhZvCSv86rhUbS
              - Empty
        - Branch:
            value: FIELD~AAAAAAAAAAAAAAAAAAAAAAAAAAAAAAAAAAAAAAAAAAA-
            children:
              - ForgettenSubtree:
                  value: FIELD~OhnjJwaZbEoj3FfUMg19broJ1ik66bh7Vcb74-Q7_6gd
              - Empty
        - Branch:
            value: FIELD~AAAAAAAAAAAAAAAAAAAAAAAAAAAAAAAAAAAAAAAAAAA-
            children:
              - Empty
              - ForgettenSubtree:
                  value: FIELD~JY4wzIUCEveOoL65dcrRrUsw-H4VADGJ3FjqA1Yr81RI
        - Branch:
            value: FIELD~AAAAAAAAAAAAAAAAAAAAAAAAAAAAAAAAAAAAAAAAAAA-
            children:
              - ForgettenSubtree:
                  value: FIELD~a9d7mqmi5mswzDaARjBv_Nr18_HZj695GobhyBc1AJl8
              - Empty
        - Branch:
            value: FIELD~AAAAAAAAAAAAAAAAAAAAAAAAAAAAAAAAAAAAAAAAAAA-
            children:
              - ForgettenSubtree:
                  value: FIELD~1b3NeOPBR8DzjBote39abZfRo77un9EcmQn-JCJtRmdS
              - Empty
        - Branch:
            value: FIELD~AAAAAAAAAAAAAAAAAAAAAAAAAAAAAAAAAAAAAAAAAAA-
            children:
              - ForgettenSubtree:
                  value: FIELD~m5uSr2BdT2SxdrOQnpgZrEIbsvIkcHLfgaJ8HZcGjXVh
              - Empty
        - Branch:
            value: FIELD~AAAAAAAAAAAAAAAAAAAAAAAAAAAAAAAAAAAAAAAAAAA-
            children:
              - ForgettenSubtree:
                  value: FIELD~n8fvU1KNWyYZsd2lOG1xNrTUUaSpphjo3vLsRaJlMtat
              - Empty
        - Branch:
            value: FIELD~AAAAAAAAAAAAAAAAAAAAAAAAAAAAAAAAAAAAAAAAAAA-
            children:
              - ForgettenSubtree:
                  value: FIELD~c6ZEL2cUGUBnrey0LMyiCU7AsAgLteUqnEgMBjC7zaDu
              - Empty
        - Branch:
            value: FIELD~AAAAAAAAAAAAAAAAAAAAAAAAAAAAAAAAAAAAAAAAAAA-
            children:
              - ForgettenSubtree:
                  value: FIELD~cvqJNcmf-auj9-Fu25gAYLZHChLRyWjdZwhpfkRWEsBI
              - Empty
        - Branch:
            value: FIELD~AAAAAAAAAAAAAAAAAAAAAAAAAAAAAAAAAAAAAAAAAAA-
            children:
              - ForgettenSubtree:
                  value: FIELD~7HxCnlC8i0o7Fz616Bc7m_Rga2rh-jruROzbHvcM3mNP
              - Empty
        - Branch:
            value: FIELD~AAAAAAAAAAAAAAAAAAAAAAAAAAAAAAAAAAAAAAAAAAA-
            children:
              - Empty
              - ForgettenSubtree:
                  value: FIELD~FxySOHWfUqeZEUBdx9-SA0ORBerYftQALGSngNT4m8mU
        - Branch:
            value: FIELD~AAAAAAAAAAAAAAAAAAAAAAAAAAAAAAAAAAAAAAAAAAA-
            children:
              - ForgettenSubtree:
                  value: FIELD~TF_m-CI2KG2iGvPhBQTY11eRldxu-NX_xiR1grrKX7WS
              - Empty
        - Branch:
            value: FIELD~AAAAAAAAAAAAAAAAAAAAAAAAAAAAAAAAAAAAAAAAAAA-
            children:
              - ForgettenSubtree:
                  value: FIELD~i9qtZ2wgnSzNBBCt85bhMoVLodVxjd_KzLpPCVOfwTk-
              - Empty
        - Branch:
            value: FIELD~AAAAAAAAAAAAAAAAAAAAAAAAAAAAAAAAAAAAAAAAAAA-
            children:
              - ForgettenSubtree:
                  value: FIELD~d3SYln6J_Wez9yjQIj3FkPltTzmbG9nwpRWtT1dqf-5W
              - Empty
        - Branch:
            value: FIELD~AAAAAAAAAAAAAAAAAAAAAAAAAAAAAAAAAAAAAAAAAAA-
            children:
              - ForgettenSubtree:
                  value: FIELD~KYnew14X-VIRtuf8b2euTIQN3DgoY6ubxYCrzkeFFXze
              - Empty
        - Branch:
            value: FIELD~AAAAAAAAAAAAAAAAAAAAAAAAAAAAAAAAAAAAAAAAAAA-
            children:
              - ForgettenSubtree:
                  value: FIELD~DiUGdoumi4LW2oriYWrSbuhJlqqz_MbRZ_6239SHbJ5g
              - Empty
        - Branch:
            value: FIELD~AAAAAAAAAAAAAAAAAAAAAAAAAAAAAAAAAAAAAAAAAAA-
            children:
              - ForgettenSubtree:
                  value: FIELD~sGk57bDj5sRvsh6mUhf4QLCqJU2fLu5BVt3UeI28HGPc
              - Empty
        - Branch:
            value: FIELD~AAAAAAAAAAAAAAAAAAAAAAAAAAAAAAAAAAAAAAAAAAA-
            children:
              - ForgettenSubtree:
                  value: FIELD~pazniKg8XBckWst5MclLkweN2BLb86yifztpPTTOQ4Bg
              - Empty
        - Branch:
            value: FIELD~AAAAAAAAAAAAAAAAAAAAAAAAAAAAAAAAAAAAAAAAAAA-
            children:
              - Empty
              - ForgettenSubtree:
                  value: FIELD~z90-CbAgd_zQS9pTB1WLGjoo5SGZ-H8W1XWapkNFVRV_
        - Branch:
            value: FIELD~AAAAAAAAAAAAAAAAAAAAAAAAAAAAAAAAAAAAAAAAAAA-
            children:
              - ForgettenSubtree:
                  value: FIELD~ZMtfQUPHbnNgzNu_wdQe_SEL6euOtRZsdi2AjcVafJz7
              - Empty
        - Branch:
            value: FIELD~AAAAAAAAAAAAAAAAAAAAAAAAAAAAAAAAAAAAAAAAAAA-
            children:
              - ForgettenSubtree:
                  value: FIELD~h7vI459JrmiZMMQdhlotxjUEVbFox8DplScqeKU3-glm
              - Empty
        - Branch:
            value: FIELD~AAAAAAAAAAAAAAAAAAAAAAAAAAAAAAAAAAAAAAAAAAA-
            children:
              - ForgettenSubtree:
                  value: FIELD~TeKTbiDugWBu7NSFzsjkYE5zEcMzero7GGqkFxKdIOUS
              - Empty
        - Branch:
            value: FIELD~AAAAAAAAAAAAAAAAAAAAAAAAAAAAAAAAAAAAAAAAAAA-
            children:
              - ForgettenSubtree:
                  value: FIELD~CnHnwSa5rBhmQ4zkbyOkQW3-t5UoHM0vZue3ScZPobeq
              - Empty
        - Branch:
            value: FIELD~AAAAAAAAAAAAAAAAAAAAAAAAAAAAAAAAAAAAAAAAAAA-
            children:
              - ForgettenSubtree:
                  value: FIELD~z_38HxXIbISUGjPNjlcLBQYV0EftUNKmH7C5hK1kRtGC
              - Empty
        - Branch:
            value: FIELD~AAAAAAAAAAAAAAAAAAAAAAAAAAAAAAAAAAAAAAAAAAA-
            children:
              - ForgettenSubtree:
                  value: FIELD~tjT9Q9T1WaGP_KBcyJXXQz-f093S0Pqfo2Akavbta9zl
              - Empty
        - Branch:
            value: FIELD~AAAAAAAAAAAAAAAAAAAAAAAAAAAAAAAAAAAAAAAAAAA-
            children:
              - ForgettenSubtree:
                  value: FIELD~Rs5ET18vdnCSRbVrycXm431Oftq0AN79sqmEUgJSX56R
              - Empty
        - Branch:
            value: FIELD~AAAAAAAAAAAAAAAAAAAAAAAAAAAAAAAAAAAAAAAAAAA-
            children:
              - Empty
              - ForgettenSubtree:
                  value: FIELD~jVSWDj0qAocx4K2D4PYWqL93DN2DQt6pbN-gWkEWpQlu
        - Branch:
            value: FIELD~AAAAAAAAAAAAAAAAAAAAAAAAAAAAAAAAAAAAAAAAAAA-
            children:
              - ForgettenSubtree:
                  value: FIELD~PUCSr8Yxm1nGf_7mzVmzT6RMXl5ZQDoJ8SDXuwMcSzyT
              - Empty
        - Branch:
            value: FIELD~AAAAAAAAAAAAAAAAAAAAAAAAAAAAAAAAAAAAAAAAAAA-
            children:
              - ForgettenSubtree:
                  value: FIELD~TW7lTU6R2gHuR3zCLsqjSar61FVV3C6x15CA8dtsCCJA
              - Empty
        - Branch:
            value: FIELD~AAAAAAAAAAAAAAAAAAAAAAAAAAAAAAAAAAAAAAAAAAA-
            children:
              - ForgettenSubtree:
                  value: FIELD~VXDy8oTKsHfZhpe2496fBVPd9Hxm3J_4e75iErZyHUrL
              - Empty
        - Branch:
            value: FIELD~AAAAAAAAAAAAAAAAAAAAAAAAAAAAAAAAAAAAAAAAAAA-
            children:
              - ForgettenSubtree:
                  value: FIELD~JJNOAH_M-VM169ukvJWtF8_Y1YL_dzZ_SnrImgxeZwAz
              - Empty
        - Branch:
            value: FIELD~AAAAAAAAAAAAAAAAAAAAAAAAAAAAAAAAAAAAAAAAAAA-
            children:
              - ForgettenSubtree:
                  value: FIELD~hm4XyOFwdkTyDrI7F4D988alb-fF4FxOC4crLufeVyyD
              - Empty
        - Branch:
            value: FIELD~AAAAAAAAAAAAAAAAAAAAAAAAAAAAAAAAAAAAAAAAAAA-
            children:
              - ForgettenSubtree:
                  value: FIELD~vus3pHvHq_EJUJMW_va3x-nHaJybADNOMAJrG4nAmkOJ
              - Empty
        - Branch:
            value: FIELD~AAAAAAAAAAAAAAAAAAAAAAAAAAAAAAAAAAAAAAAAAAA-
            children:
              - ForgettenSubtree:
                  value: FIELD~g-_U3K-YNHELZk-ksX0VQCH7PalynVaqi82gnEIqeMrk
              - Empty
        - Branch:
            value: FIELD~AAAAAAAAAAAAAAAAAAAAAAAAAAAAAAAAAAAAAAAAAAA-
            children:
              - Empty
              - ForgettenSubtree:
                  value: FIELD~i5Orq9PqZhqwwVjDNxVDMX1tb7KlBZVdkslm9qIkwEIV
        - Branch:
            value: FIELD~AAAAAAAAAAAAAAAAAAAAAAAAAAAAAAAAAAAAAAAAAAA-
            children:
              - ForgettenSubtree:
                  value: FIELD~sBSsGMDFDnxP1Y3tx-7zlUQUyrxeLLplUcz43JApoEn1
              - Empty
        - Branch:
            value: FIELD~AAAAAAAAAAAAAAAAAAAAAAAAAAAAAAAAAAAAAAAAAAA-
            children:
              - ForgettenSubtree:
                  value: FIELD~mHCDJnbj97jVppGFCeWtqjLk1eG6Utlyn2J0n53MKarl
              - Empty
        - Branch:
            value: FIELD~AAAAAAAAAAAAAAAAAAAAAAAAAAAAAAAAAAAAAAAAAAA-
            children:
              - ForgettenSubtree:
                  value: FIELD~GzqHSR6NZLdLaVEyL3KFocAFkTb22Cu7QazwoA0vt0u5
              - Empty
        - Branch:
            value: FIELD~AAAAAAAAAAAAAAAAAAAAAAAAAAAAAAAAAAAAAAAAAAA-
            children:
              - ForgettenSubtree:
                  value: FIELD~UintXlMmoi9ZouQ0CflhXi7NCx3j_8_isWUigkEB1JY9
              - Empty
        - Branch:
            value: FIELD~AAAAAAAAAAAAAAAAAAAAAAAAAAAAAAAAAAAAAAAAAAA-
            children:
              - ForgettenSubtree:
                  value: FIELD~ZTYOKyMomSkMUACDIdlV9IHcvkNARlu4QgbbNzx8byRl
              - Empty
        - Branch:
            value: FIELD~AAAAAAAAAAAAAAAAAAAAAAAAAAAAAAAAAAAAAAAAAAA-
            children:
              - ForgettenSubtree:
                  value: FIELD~wSZ0JzGwyJdZHnrWSlSS-G2D663a_UG1jNsnOBb2rYzS
              - Empty
        - Branch:
            value: FIELD~AAAAAAAAAAAAAAAAAAAAAAAAAAAAAAAAAAAAAAAAAAA-
            children:
              - ForgettenSubtree:
                  value: FIELD~01BnMwQKg_tKWlkhtyZtFjYjfNqonhwrByz3gFFQX0wF
              - Empty
        - Branch:
            value: FIELD~AAAAAAAAAAAAAAAAAAAAAAAAAAAAAAAAAAAAAAAAAAA-
            children:
              - Empty
              - ForgettenSubtree:
                  value: FIELD~6eX3PvcGGKLZyWLOLlfDsOzRlQ20J5KWoJMyue3rgrIs
        - Branch:
            value: FIELD~AAAAAAAAAAAAAAAAAAAAAAAAAAAAAAAAAAAAAAAAAAA-
            children:
              - ForgettenSubtree:
                  value: FIELD~wBcKv9bRlUfGyuc31BG1TpS6DryLTApBtbiE-xegquDO
              - Empty
        - Branch:
            value: FIELD~AAAAAAAAAAAAAAAAAAAAAAAAAAAAAAAAAAAAAAAAAAA-
            children:
              - ForgettenSubtree:
                  value: FIELD~Ln1bc-1wWzbAIvqKgHW7vPs5DWfjc9BXPlOyjkQ4JKpH
              - Empty
        - Branch:
            value: FIELD~AAAAAAAAAAAAAAAAAAAAAAAAAAAAAAAAAAAAAAAAAAA-
            children:
              - ForgettenSubtree:
                  value: FIELD~DiqE-5eoinLzXQ18Y0Mly7OZ-OC0yS8hg6G_xYGnFP-o
              - Empty
        - Branch:
            value: FIELD~AAAAAAAAAAAAAAAAAAAAAAAAAAAAAAAAAAAAAAAAAAA-
            children:
              - ForgettenSubtree:
                  value: FIELD~Viy4T2O-bUDWXR60NWQF83Hd335Im31d6WtfYw-Wcmah
              - Empty
        - Branch:
            value: FIELD~AAAAAAAAAAAAAAAAAAAAAAAAAAAAAAAAAAAAAAAAAAA-
            children:
              - ForgettenSubtree:
                  value: FIELD~rrkD7ui8ZPqgAT4zhfCmmQDpQGbegbJafnbUbP259uPk
              - Empty
        - Branch:
            value: FIELD~AAAAAAAAAAAAAAAAAAAAAAAAAAAAAAAAAAAAAAAAAAA-
            children:
              - ForgettenSubtree:
                  value: FIELD~bS6tnlhC67XDSOroy2THZY1OiWUgpRh_puoe6fRimKVc
              - Empty
        - Branch:
            value: FIELD~AAAAAAAAAAAAAAAAAAAAAAAAAAAAAAAAAAAAAAAAAAA-
            children:
              - ForgettenSubtree:
                  value: FIELD~qvk6F9gdE5iHWImJcTYY8S7A1_oPzGlhPFFnASFJ17lJ
              - Empty
        - Branch:
            value: FIELD~AAAAAAAAAAAAAAAAAAAAAAAAAAAAAAAAAAAAAAAAAAA-
            children:
              - Empty
              - ForgettenSubtree:
                  value: FIELD~RRAb8gdm-uQSwBKzb80k_xZo5XtdiGY5pqwNrjSPve-c
        - Branch:
            value: FIELD~AAAAAAAAAAAAAAAAAAAAAAAAAAAAAAAAAAAAAAAAAAA-
            children:
              - ForgettenSubtree:
                  value: FIELD~KsKoFAE8QMtPTSP1kQc5TH4pAmENIQv6J5wT_CZV21ta
              - Empty
        - Branch:
            value: FIELD~AAAAAAAAAAAAAAAAAAAAAAAAAAAAAAAAAAAAAAAAAAA-
            children:
              - ForgettenSubtree:
                  value: FIELD~M-sqzF50Fk8iEqC-MgBhON-hIcAWpfWWzzG4NsEPIZYQ
              - Empty
        - Branch:
            value: FIELD~AAAAAAAAAAAAAAAAAAAAAAAAAAAAAAAAAAAAAAAAAAA-
            children:
              - ForgettenSubtree:
                  value: FIELD~0-GGsvP6jaBGLNAqqBxrfowePR3G03Iop8vz6lijrfh5
              - Empty
        - Branch:
            value: FIELD~AAAAAAAAAAAAAAAAAAAAAAAAAAAAAAAAAAAAAAAAAAA-
            children:
              - ForgettenSubtree:
                  value: FIELD~cw5sqHYAcVsNclvdZYeSmlyj0JXUK__3rtePjPJs8E4Z
              - Empty
        - Branch:
            value: FIELD~AAAAAAAAAAAAAAAAAAAAAAAAAAAAAAAAAAAAAAAAAAA-
            children:
              - ForgettenSubtree:
                  value: FIELD~3oYalOoZ2xujX4MpgaNjind47TVtevz_XjF_Vrxzmcvl
              - Empty
        - Branch:
            value: FIELD~AAAAAAAAAAAAAAAAAAAAAAAAAAAAAAAAAAAAAAAAAAA-
            children:
              - ForgettenSubtree:
                  value: FIELD~xfBK1od5ZV5rhMZEpmpBG_c19vWUeq2r3zLQHsq_M9I9
              - Empty
        - Branch:
            value: FIELD~AAAAAAAAAAAAAAAAAAAAAAAAAAAAAAAAAAAAAAAAAAA-
            children:
              - ForgettenSubtree:
                  value: FIELD~WITBlXKUphZQFL03Iae7LbF_xru5mXH0KTdAy-mDmN3L
              - Empty
        - Branch:
            value: FIELD~AAAAAAAAAAAAAAAAAAAAAAAAAAAAAAAAAAAAAAAAAAA-
            children:
              - Empty
              - ForgettenSubtree:
                  value: FIELD~A38TRMnKmgpH5xZC3RUdMASYctumhVkktrkkhQ0XyTEv
        - Branch:
            value: FIELD~AAAAAAAAAAAAAAAAAAAAAAAAAAAAAAAAAAAAAAAAAAA-
            children:
              - ForgettenSubtree:
                  value: FIELD~D1QeR9QU-ULWbBaTday-qzEUGWGeyWISmQ2rz1BLY3Q4
              - Empty
        - Branch:
            value: FIELD~AAAAAAAAAAAAAAAAAAAAAAAAAAAAAAAAAAAAAAAAAAA-
            children:
              - ForgettenSubtree:
                  value: FIELD~sk-0n420xr93EV9jMWRuoZszPCrzr1ERi3KHOmo0ZMJr
              - Empty
        - Branch:
            value: FIELD~AAAAAAAAAAAAAAAAAAAAAAAAAAAAAAAAAAAAAAAAAAA-
            children:
              - ForgettenSubtree:
                  value: FIELD~M9joCQbwbBs1dhlEvH-eZvnTqmlsiOSZuyI8ahaHtPe1
              - Empty
        - Branch:
            value: FIELD~AAAAAAAAAAAAAAAAAAAAAAAAAAAAAAAAAAAAAAAAAAA-
            children:
              - ForgettenSubtree:
                  value: FIELD~X1tTi_hJTvuVRoyasnJmYGYOam20gLdsTib9XXQYBZkc
              - Empty
        - Branch:
            value: FIELD~AAAAAAAAAAAAAAAAAAAAAAAAAAAAAAAAAAAAAAAAAAA-
            children:
              - ForgettenSubtree:
                  value: FIELD~r1Lb7lYjT4UsfuV7rgd0p0Fl3ZV0KvUUL77V6EILQgA1
              - Empty
        - Branch:
            value: FIELD~AAAAAAAAAAAAAAAAAAAAAAAAAAAAAAAAAAAAAAAAAAA-
            children:
              - ForgettenSubtree:
                  value: FIELD~BsY61nuCOcA3w0i9Gbe4YWaNfcv2aj3v8BPiMt7I-nih
              - Empty
        - Branch:
            value: FIELD~AAAAAAAAAAAAAAAAAAAAAAAAAAAAAAAAAAAAAAAAAAA-
            children:
              - ForgettenSubtree:
                  value: FIELD~Nx0a8APLsEHYkj7NtTccJug0pBF3SzZjy4ZKyrobyj_d
              - Empty
        - Branch:
            value: FIELD~AAAAAAAAAAAAAAAAAAAAAAAAAAAAAAAAAAAAAAAAAAA-
            children:
              - Empty
              - ForgettenSubtree:
                  value: FIELD~Cfg7weWt4mun2eHpRWyOyB92GDB5ZZDfeqD6iPCgtWWl
        - Branch:
            value: FIELD~AAAAAAAAAAAAAAAAAAAAAAAAAAAAAAAAAAAAAAAAAAA-
            children:
              - ForgettenSubtree:
                  value: FIELD~phazJE2vUyeoLHhHqsXnGq5o0WKheQdpoKSQ9my2ddtt
              - Empty
        - Branch:
            value: FIELD~AAAAAAAAAAAAAAAAAAAAAAAAAAAAAAAAAAAAAAAAAAA-
            children:
              - ForgettenSubtree:
                  value: FIELD~uSxFQdxktbaHd182d9EpfeO9vvGkNl6Z6iSCXTCDC4Gd
              - Empty
        - Branch:
            value: FIELD~AAAAAAAAAAAAAAAAAAAAAAAAAAAAAAAAAAAAAAAAAAA-
            children:
              - ForgettenSubtree:
                  value: FIELD~0lAdXvY9nc3Lafflt0b8292lUvXsRiElz1x1HuD1GPKc
              - Empty
        - Branch:
            value: FIELD~AAAAAAAAAAAAAAAAAAAAAAAAAAAAAAAAAAAAAAAAAAA-
            children:
              - ForgettenSubtree:
                  value: FIELD~ufPEIF6wdpg_R55Dpj544pQtRlbAd6FelcWjTSgIKmDN
              - Empty
        - Branch:
            value: FIELD~AAAAAAAAAAAAAAAAAAAAAAAAAAAAAAAAAAAAAAAAAAA-
            children:
              - ForgettenSubtree:
                  value: FIELD~auRHnxrdRmG_W62YnwiL6-0SBzW8C7USSmQP-qB9QkZV
              - Empty
        - Branch:
            value: FIELD~AAAAAAAAAAAAAAAAAAAAAAAAAAAAAAAAAAAAAAAAAAA-
            children:
              - ForgettenSubtree:
                  value: FIELD~CnxFrpfLmCLjLjR9kIEr738OmWBAS1dfRs2O_e6IZpve
              - Empty
        - Branch:
            value: FIELD~AAAAAAAAAAAAAAAAAAAAAAAAAAAAAAAAAAAAAAAAAAA-
            children:
              - ForgettenSubtree:
                  value: FIELD~IWcCS4jLH6XMpWYWWSWZuSZg_ISF4gH6o45Qa2EM_GZ_
              - Empty
        - Branch:
            value: FIELD~AAAAAAAAAAAAAAAAAAAAAAAAAAAAAAAAAAAAAAAAAAA-
            children:
              - Empty
              - ForgettenSubtree:
                  value: FIELD~BDI1OHNWIPaQs1MRfP-0To4V7PQKiadfcGvYL0ohoN68
        - Branch:
            value: FIELD~AAAAAAAAAAAAAAAAAAAAAAAAAAAAAAAAAAAAAAAAAAA-
            children:
              - ForgettenSubtree:
                  value: FIELD~8yOrxUg2aVjYUBn9w3xcHKr1x3AfdWb4FSjjXMfDePPu
              - Empty
        - Branch:
            value: FIELD~AAAAAAAAAAAAAAAAAAAAAAAAAAAAAAAAAAAAAAAAAAA-
            children:
              - ForgettenSubtree:
                  value: FIELD~pQx1c9OZXducPz_lxg_39zisSxX_4ciTVCJmamMMlcKM
              - Empty
        - Branch:
            value: FIELD~AAAAAAAAAAAAAAAAAAAAAAAAAAAAAAAAAAAAAAAAAAA-
            children:
              - ForgettenSubtree:
                  value: FIELD~DDH_sYhAVj9vHabVVjdmPWYGWxO_DDy1cLTVD8WLioWE
              - Empty
        - Branch:
            value: FIELD~AAAAAAAAAAAAAAAAAAAAAAAAAAAAAAAAAAAAAAAAAAA-
            children:
              - ForgettenSubtree:
                  value: FIELD~BbEB3BYkI81T-LTe28MjxNvmyTgOoCLfnHEZIhjC3Thf
              - Empty
        - Branch:
            value: FIELD~AAAAAAAAAAAAAAAAAAAAAAAAAAAAAAAAAAAAAAAAAAA-
            children:
              - ForgettenSubtree:
                  value: FIELD~PdwEypXxGi-iH8vlkN9_1GF9Sw1IpZlDTS5H4YzdlaiW
              - Empty
        - Branch:
            value: FIELD~AAAAAAAAAAAAAAAAAAAAAAAAAAAAAAAAAAAAAAAAAAA-
            children:
              - ForgettenSubtree:
                  value: FIELD~jMcP2fJAL5v6HPuZiezPykfqaTFxB4BSgjxi-S0OmM-l
              - Empty
        - Branch:
            value: FIELD~AAAAAAAAAAAAAAAAAAAAAAAAAAAAAAAAAAAAAAAAAAA-
            children:
              - ForgettenSubtree:
                  value: FIELD~t4HE1RApC4ALZycSk8cLupDTWzMs4slOYTRXQEeGkmuC
              - Empty
        - Branch:
            value: FIELD~AAAAAAAAAAAAAAAAAAAAAAAAAAAAAAAAAAAAAAAAAAA-
            children:
              - Empty
              - ForgettenSubtree:
                  value: FIELD~YWM7HbtWkQdnXySW0rbkCIoSPtOGl_FgRPQOnd8dKJuK
        - Branch:
            value: FIELD~AAAAAAAAAAAAAAAAAAAAAAAAAAAAAAAAAAAAAAAAAAA-
            children:
              - ForgettenSubtree:
                  value: FIELD~45OfeCd8o8Ton9jEby06AuQsy2zx8hde9a-bJLaidQ_Z
              - Empty
        - Branch:
            value: FIELD~AAAAAAAAAAAAAAAAAAAAAAAAAAAAAAAAAAAAAAAAAAA-
            children:
              - ForgettenSubtree:
                  value: FIELD~7s5E_vyubwlIPSvc8VH8ASaixC7Uyt6xdWa8ZPzSHZOw
              - Empty
        - Branch:
            value: FIELD~AAAAAAAAAAAAAAAAAAAAAAAAAAAAAAAAAAAAAAAAAAA-
            children:
              - ForgettenSubtree:
                  value: FIELD~ZKDbaAZLE5ED67bAHfXn6SkS7hJHWptq6YOZ55vLk-RS
              - Empty
        - Branch:
            value: FIELD~AAAAAAAAAAAAAAAAAAAAAAAAAAAAAAAAAAAAAAAAAAA-
            children:
              - ForgettenSubtree:
                  value: FIELD~410AnXJHpizUy9yQxyuWb-qfjfTRMZMykaQSUlcM92fz
              - Empty
        - Branch:
            value: FIELD~AAAAAAAAAAAAAAAAAAAAAAAAAAAAAAAAAAAAAAAAAAA-
            children:
              - ForgettenSubtree:
                  value: FIELD~VUIkz0K1ISBmq1ixUyQh8RK9wX_asZrS_vQfB6PP-ij4
              - Empty
        - Branch:
            value: FIELD~AAAAAAAAAAAAAAAAAAAAAAAAAAAAAAAAAAAAAAAAAAA-
            children:
              - ForgettenSubtree:
                  value: FIELD~Fr--wHzxp0TrwkEZJQgIXSuyob6JO1QY8OCq0AhY5um-
              - Empty
        - Branch:
            value: FIELD~AAAAAAAAAAAAAAAAAAAAAAAAAAAAAAAAAAAAAAAAAAA-
            children:
              - ForgettenSubtree:
                  value: FIELD~4zJyHn4h8PJWEfEt7L0BFkSjWsw1oJJ2-CaKDJTmBwEC
              - Empty
        - Branch:
            value: FIELD~AAAAAAAAAAAAAAAAAAAAAAAAAAAAAAAAAAAAAAAAAAA-
            children:
              - Empty
              - ForgettenSubtree:
                  value: FIELD~HBB1KoXpU5Evw1WuoKbVK33AtOmYn12ohoO66zQZlqgZ
        - Branch:
            value: FIELD~AAAAAAAAAAAAAAAAAAAAAAAAAAAAAAAAAAAAAAAAAAA-
            children:
              - ForgettenSubtree:
                  value: FIELD~MvOBmVkRGs4JubC0d5B9RjCfiZMBU43DHi3WM0bCNwKW
              - Empty
        - Branch:
            value: FIELD~AAAAAAAAAAAAAAAAAAAAAAAAAAAAAAAAAAAAAAAAAAA-
            children:
              - ForgettenSubtree:
                  value: FIELD~QsdTc6ZzRUDzVrdyh-EBqJs6og4Zzx4yTX7kUk_IHck_
              - Empty
        - Branch:
            value: FIELD~AAAAAAAAAAAAAAAAAAAAAAAAAAAAAAAAAAAAAAAAAAA-
            children:
              - ForgettenSubtree:
                  value: FIELD~CDE_r1d52leG9ltyroJ5D_YHNZIrb1_sY1ozt_ITOdO6
              - Empty
        - Branch:
            value: FIELD~AAAAAAAAAAAAAAAAAAAAAAAAAAAAAAAAAAAAAAAAAAA-
            children:
              - ForgettenSubtree:
                  value: FIELD~AjkgBO679IMH8RbyjI6626XD-y6EQXYhDbyXQ2oTpD9W
              - Empty
        - Branch:
            value: FIELD~AAAAAAAAAAAAAAAAAAAAAAAAAAAAAAAAAAAAAAAAAAA-
            children:
              - ForgettenSubtree:
                  value: FIELD~-LZOFegxpABLeJyUpysLll5PsddpYozMZZdUEBqz_TPN
              - Empty
        - Branch:
            value: FIELD~AAAAAAAAAAAAAAAAAAAAAAAAAAAAAAAAAAAAAAAAAAA-
            children:
              - ForgettenSubtree:
                  value: FIELD~GBOwtG6BGUrhHoqYndqr34up4pELGbbXdIHbrKMEE7xn
              - Empty
        - Branch:
            value: FIELD~AAAAAAAAAAAAAAAAAAAAAAAAAAAAAAAAAAAAAAAAAAA-
            children:
              - ForgettenSubtree:
                  value: FIELD~8QNFgEHdfdy_8x12vNprr95NMeFgntyY24_33s4u85ME
              - Empty
        - Branch:
            value: FIELD~AAAAAAAAAAAAAAAAAAAAAAAAAAAAAAAAAAAAAAAAAAA-
            children:
              - ForgettenSubtree:
                  value: FIELD~CEO878Jp33iRDtYemEnQuaMKfhc-3Du4_EOWuyg_ahj1
              - ForgettenSubtree:
                  value: FIELD~mho7AuZ5wls2FGDfI6FxdWJDbHzXKPYkSoO72IPT1lKo
        - Branch:
            value: FIELD~AAAAAAAAAAAAAAAAAAAAAAAAAAAAAAAAAAAAAAAAAAA-
            children:
              - ForgettenSubtree:
                  value: FIELD~nYYJQhIQr0b9dqdx4JrqkqRsc-KKJQCBxf5YS_lU7eOw
              - Empty
        - Branch:
            value: FIELD~AAAAAAAAAAAAAAAAAAAAAAAAAAAAAAAAAAAAAAAAAAA-
            children:
              - ForgettenSubtree:
                  value: FIELD~35LZw1prR_RB9Broyp3FN5-g2Ds9wJMyAjiFVwhplYDZ
              - Empty
        - Branch:
            value: FIELD~AAAAAAAAAAAAAAAAAAAAAAAAAAAAAAAAAAAAAAAAAAA-
            children:
              - ForgettenSubtree:
                  value: FIELD~qdKrWSWOxOndF2bI7WePxND5087fdVTDMUV5rrio6HEr
              - Empty
        - Branch:
            value: FIELD~AAAAAAAAAAAAAAAAAAAAAAAAAAAAAAAAAAAAAAAAAAA-
            children:
              - ForgettenSubtree:
                  value: FIELD~b4wkivjzbo4hB3XLTm6WuXgEbI9iIYAXrCmh5yPCmVQp
              - Empty
        - Branch:
            value: FIELD~AAAAAAAAAAAAAAAAAAAAAAAAAAAAAAAAAAAAAAAAAAA-
            children:
              - ForgettenSubtree:
                  value: FIELD~3fyDl_viHQukMvf_0CVZ5iTPIP7W5xOlv75TCnFu1Gm_
              - Empty
        - Branch:
            value: FIELD~AAAAAAAAAAAAAAAAAAAAAAAAAAAAAAAAAAAAAAAAAAA-
            children:
              - ForgettenSubtree:
                  value: FIELD~VPbY7xAxS2FEl7LWwHzQooSZkRLKV1WjUMXyBjwvU6jU
              - Empty
        - Branch:
            value: FIELD~AAAAAAAAAAAAAAAAAAAAAAAAAAAAAAAAAAAAAAAAAAA-
            children:
              - ForgettenSubtree:
                  value: FIELD~HBS0eSVP_Bp7lSgBA5Zo4xHdC-2EUKCoWNIJan35kIeC
              - Empty
