---
source: crates/espresso/types/src/v0/impls/stake_table_proptests.rs
expression: summaries
---
- seed: decaf
  actions: 400
  applied: 104
  tolerated:
    InvalidBlsKey: 16
    InvalidSchnorrKey: 22
  fatal:
    AlreadyRegistered: 51
    AuthenticationFailed: 18
    BlsKeyAlreadyUsed: 12
    DelegatorNotFound: 1
    InsufficientStake: 12
    ValidatorAlreadyExited: 33
    ValidatorNotFound: 130
    X25519KeyAlreadyUsed: 1
  terminal_commit: STAKE_TABLE~PfV1YsurDocRHHDWiksKCYkDPhwkIWaUXZwCDWoOU7wa
  active_commit: STAKE_TABLE~9OvyICh9rIn8XxkUZCfn_gNCgs0575l5l_fjVp5jIJyY
  active_validators: 27
- seed: mainnet
  actions: 400
  applied: 98
  tolerated:
    InvalidBlsKey: 16
    InvalidSchnorrKey: 22
  fatal:
    AlreadyRegistered: 50
    AuthenticationFailed: 18
    BlsKeyAlreadyUsed: 12
    DelegatorNotFound: 8
    InsufficientStake: 3
    ValidatorAlreadyExited: 34
    ValidatorNotFound: 138
    X25519KeyAlreadyUsed: 1
  terminal_commit: STAKE_TABLE~dazOzEt1C_POiTD_c3iBlZ8LazNguLVqbqoRQvNf6pDK
  active_commit: STAKE_TABLE~eVsF9Opz21b2KipGOSGV2NH3RZZAzhfISu88QZiYIDaO
  active_validators: 51
