---
source: crates/espresso/types/src/v0/impls/stake_table_history_tests.rs
expression: summary
---
corpus: synthetic
protocol_version: "0.3"
logs: 24
decoded_events: 24
stake_table_hash: STAKE_TABLE~ojO8an8IOS-s5Zq6UKs5U0rrsZp51wWo4OoaMUzZVT-P
active_validators_commit: STAKE_TABLE~b8U3WR2TiRooCqagYe7cp3gpm_9oYE3qB2qTtnnBdBuI
all_validators: 4
active_validators: 2
event_variants:
  CommissionUpdate: 1
  Delegate: 6
  Deregister: 1
  DeregisterV2: 1
  KeyUpdate: 1
  KeyUpdateV2: 1
  P2pAddrUpdate: 2
  Register: 4
  RegisterV2: 2
  RegisterV3: 1
  Undelegate: 1
  UndelegateV2: 1
  X25519KeyUpdate: 2
ladder_stride: 1
hash_ladder:
  - event: 0
    block: 1000
    log_index: 0
    variant: Register
    commit: STAKE_TABLE~R1Ni56qcsUv73Z8ISG5zvGl29ymja6lPEEBriPh1SZ6c
  - event: 1
    block: 1001
    log_index: 1
    variant: Delegate
    commit: STAKE_TABLE~qTB0OAVEjyDdYvLI7uzpVpefVW7fC9rjApay41B3k0I2
  - event: 2
    block: 1002
    log_index: 2
    variant: KeyUpdate
    commit: STAKE_TABLE~Cgmvy6POoACM0wQvLIq0HFBe8GUVOgJ73E9eeZW34c0y
  - event: 3
    block: 1003
    log_index: 3
    variant: Register
    commit: STAKE_TABLE~7CUXQH46RAHgTA7-IO3vYw4Mh_XP0vJGjb9lrsM-4VXr
  - event: 4
    block: 1004
    log_index: 4
    variant: Delegate
    commit: STAKE_TABLE~HvA7SU6wX3mUUxkGREq-6K44z3DP8WzF4zjy7xFR8TEe
  - event: 5
    block: 1005
    log_index: 5
    variant: Undelegate
    commit: STAKE_TABLE~bAY2Xq3_W0SoMTiAHH7C1d7fTx-sN6hBI9r4OeW3Qzdw
  - event: 6
    block: 1006
    log_index: 6
    variant: RegisterV2
    commit: STAKE_TABLE~xJ_3yCoda8CKiX76U6xHANbYu_zgMozU7nZa3GqeKkZQ
  - event: 7
    block: 1007
    log_index: 7
    variant: Delegate
    commit: STAKE_TABLE~WiZxyROAmvbThZ9fDhMwbr_r-8b7yjEWrm5WlIN_r_8K
  - event: 8
    block: 1008
    log_index: 8
    variant: KeyUpdateV2
    commit: STAKE_TABLE~93L3iHRt8d5LNc-uh9IU8BN8N_6MHT7VDaoX4-gVYxd5
  - event: 9
    block: 1009
    log_index: 9
    variant: CommissionUpdate
    commit: STAKE_TABLE~gLml6T4Sjidagh2KPgVJknSvZJRWknRpNQ2wOPmi1Fbl
  - event: 10
    block: 1010
    log_index: 10
    variant: UndelegateV2
    commit: STAKE_TABLE~dBWC-x29irtqX1DV47DPdXcqQ1pyyutoZpSQ9psxAXgR
  - event: 11
    block: 1011
    log_index: 11
    variant: RegisterV3
    commit: STAKE_TABLE~5DuqzywMuplGg82JeTraZMYoxcNI7idffccT98XbnZ2A
  - event: 12
    block: 1012
    log_index: 12
    variant: Delegate
    commit: STAKE_TABLE~zYENhm2vhUBbr15qX0LFq_ESlNVPErNG3Gw9ohoJsqCK
  - event: 13
    block: 1013
    log_index: 13
    variant: X25519KeyUpdate
    commit: STAKE_TABLE~BLV7pQMtRp42OHpfskgLDpgnVlE1t_BmnEI27c7JcbuA
  - event: 14
    block: 1014
    log_index: 14
    variant: P2pAddrUpdate
    commit: STAKE_TABLE~WwNmRAeuTkY7fFOjTDN-gYyATWS0AWBrF0K6emvDCLFE
  - event: 15
    block: 1015
    log_index: 15
    variant: X25519KeyUpdate
    commit: STAKE_TABLE~WwNmRAeuTkY7fFOjTDN-gYyATWS0AWBrF0K6emvDCLFE
  - event: 16
    block: 1016
    log_index: 16
    variant: P2pAddrUpdate
    commit: STAKE_TABLE~-kUQ59AsmNi_NRhS1nv28R8a-Rl7q6n6-rFP6xwgNq9a
  - event: 17
    block: 1017
    log_index: 17
    variant: Register
    commit: STAKE_TABLE~We5uaWYIrHOwuCJ3KChMYV4ZkrYskTHezA26rDELnAAC
  - event: 18
    block: 1018
    log_index: 18
    variant: Delegate
    commit: STAKE_TABLE~QHaReIyaDnGHWn5JswwYPEjkeeqYa7gdGx3W5BJOvlRP
  - event: 19
    block: 1019
    log_index: 19
    variant: RegisterV2
    commit: STAKE_TABLE~GKTkVhEEl5s7ChAnRJupfgV-y8USMVWmpu9wlAFe_4HR
  - event: 20
    block: 1020
    log_index: 20
    variant: Delegate
    commit: STAKE_TABLE~bkHyemmnHf7_zqOWTtr8W-U2Eq2S4SddSFHbXPZgg2B-
  - event: 21
    block: 1021
    log_index: 21
    variant: Register
    commit: STAKE_TABLE~bkHyemmnHf7_zqOWTtr8W-U2Eq2S4SddSFHbXPZgg2B-
  - event: 22
    block: 1022
    log_index: 22
    variant: Deregister
    commit: STAKE_TABLE~NLuwIlLXHXSSVHK1kaheNsw3vvb5l4bLB6-hy6B-8AEI
  - event: 23
    block: 1023
    log_index: 23
    variant: DeregisterV2
    commit: STAKE_TABLE~ojO8an8IOS-s5Zq6UKs5U0rrsZp51wWo4OoaMUzZVT-P
